mode: set
github.com/yourusername/space-invaders/internal/domain/service/achievement_service.go:24.23,30.2 1 1
github.com/yourusername/space-invaders/internal/domain/service/achievement_service.go:33.101,36.16 2 1
github.com/yourusername/space-invaders/internal/domain/service/achievement_service.go:36.16,38.3 1 1
github.com/yourusername/space-invaders/internal/domain/service/achievement_service.go:41.2,42.16 2 1
github.com/yourusername/space-invaders/internal/domain/service/achievement_service.go:42.16,44.3 1 0
github.com/yourusername/space-invaders/internal/domain/service/achievement_service.go:45.2,45.12 1 1
github.com/yourusername/space-invaders/internal/domain/service/achievement_service.go:45.12,47.3 1 1
github.com/yourusername/space-invaders/internal/domain/service/achievement_service.go:50.2,56.49 2 1
github.com/yourusername/space-invaders/internal/domain/service/achievement_service.go:56.49,58.3 1 0
github.com/yourusername/space-invaders/internal/domain/service/achievement_service.go:61.2,61.32 1 1
github.com/yourusername/space-invaders/internal/domain/service/achievement_service.go:61.32,62.102 1 1
github.com/yourusername/space-invaders/internal/domain/service/achievement_service.go:62.102,64.4 1 0
github.com/yourusername/space-invaders/internal/domain/service/achievement_service.go:67.2,67.12 1 1
github.com/yourusername/space-invaders/internal/domain/service/achievement_service.go:71.112,74.16 2 1
github.com/yourusername/space-invaders/internal/domain/service/achievement_service.go:74.16,76.3 1 1
github.com/yourusername/space-invaders/internal/domain/service/achievement_service.go:79.2,80.16 2 1
github.com/yourusername/space-invaders/internal/domain/service/achievement_service.go:80.16,82.3 1 1
github.com/yourusername/space-invaders/internal/domain/service/achievement_service.go:85.2,86.16 2 1
github.com/yourusername/space-invaders/internal/domain/service/achievement_service.go:86.16,88.3 1 0
github.com/yourusername/space-invaders/internal/domain/service/achievement_service.go:91.2,92.40 2 1
github.com/yourusername/space-invaders/internal/domain/service/achievement_service.go:92.40,94.3 1 1
github.com/yourusername/space-invaders/internal/domain/service/achievement_service.go:97.2,99.46 2 1
github.com/yourusername/space-invaders/internal/domain/service/achievement_service.go:99.46,101.34 1 1
github.com/yourusername/space-invaders/internal/domain/service/achievement_service.go:101.34,102.12 1 1
github.com/yourusername/space-invaders/internal/domain/service/achievement_service.go:106.3,106.46 1 1
github.com/yourusername/space-invaders/internal/domain/service/achievement_service.go:106.46,108.66 1 1
github.com/yourusername/space-invaders/internal/domain/service/achievement_service.go:108.66,110.13 1 0
github.com/yourusername/space-invaders/internal/domain/service/achievement_service.go:112.4,112.54 1 1
github.com/yourusername/space-invaders/internal/domain/service/achievement_service.go:116.2,116.27 1 1
github.com/yourusername/space-invaders/internal/domain/service/achievement_service.go:120.108,121.37 1 1
github.com/yourusername/space-invaders/internal/domain/service/achievement_service.go:122.20,123.59 1 1
github.com/yourusername/space-invaders/internal/domain/service/achievement_service.go:124.25,125.66 1 1
github.com/yourusername/space-invaders/internal/domain/service/achievement_service.go:126.22,127.59 1 1
github.com/yourusername/space-invaders/internal/domain/service/achievement_service.go:128.52,130.15 1 1
github.com/yourusername/space-invaders/internal/domain/service/achievement_service.go:131.10,132.15 1 1
github.com/yourusername/space-invaders/internal/domain/service/achievement_service.go:137.125,139.2 1 1
github.com/yourusername/space-invaders/internal/domain/service/auth_service.go:36.92,41.2 1 1
github.com/yourusername/space-invaders/internal/domain/service/auth_service.go:43.119,46.42 2 1
github.com/yourusername/space-invaders/internal/domain/service/auth_service.go:46.42,48.3 1 1
github.com/yourusername/space-invaders/internal/domain/service/auth_service.go:51.2,52.51 2 1
github.com/yourusername/space-invaders/internal/domain/service/auth_service.go:52.51,54.3 1 1
github.com/yourusername/space-invaders/internal/domain/service/auth_service.go:57.2,57.23 1 1
github.com/yourusername/space-invaders/internal/domain/service/auth_service.go:57.23,59.3 1 1
github.com/yourusername/space-invaders/internal/domain/service/auth_service.go:62.2,62.70 1 1
github.com/yourusername/space-invaders/internal/domain/service/auth_service.go:62.70,64.3 1 1
github.com/yourusername/space-invaders/internal/domain/service/auth_service.go:64.8,64.52 1 1
github.com/yourusername/space-invaders/internal/domain/service/auth_service.go:64.52,66.3 1 0
github.com/yourusername/space-invaders/internal/domain/service/auth_service.go:69.2,69.17 1 1
github.com/yourusername/space-invaders/internal/domain/service/auth_service.go:69.17,70.65 1 1
github.com/yourusername/space-invaders/internal/domain/service/auth_service.go:70.65,72.4 1 1
github.com/yourusername/space-invaders/internal/domain/service/auth_service.go:72.9,72.53 1 1
github.com/yourusername/space-invaders/internal/domain/service/auth_service.go:72.53,74.4 1 0
github.com/yourusername/space-invaders/internal/domain/service/auth_service.go:78.2,79.16 2 1
github.com/yourusername/space-invaders/internal/domain/service/auth_service.go:79.16,81.3 1 0
github.com/yourusername/space-invaders/internal/domain/service/auth_service.go:84.2,91.57 2 1
github.com/yourusername/space-invaders/internal/domain/service/auth_service.go:91.57,93.3 1 0
github.com/yourusername/space-invaders/internal/domain/service/auth_service.go:96.2,97.16 2 1
github.com/yourusername/space-invaders/internal/domain/service/auth_service.go:97.16,99.3 1 0
github.com/yourusername/space-invaders/internal/domain/service/auth_service.go:101.2,101.27 1 1
github.com/yourusername/space-invaders/internal/domain/service/auth_service.go:104.109,107.16 2 1
github.com/yourusername/space-invaders/internal/domain/service/auth_service.go:107.16,108.45 1 1
github.com/yourusername/space-invaders/internal/domain/service/auth_service.go:108.45,110.4 1 1
github.com/yourusername/space-invaders/internal/domain/service/auth_service.go:111.3,111.63 1 0
github.com/yourusername/space-invaders/internal/domain/service/auth_service.go:115.2,115.101 1 1
github.com/yourusername/space-invaders/internal/domain/service/auth_service.go:115.101,117.3 1 1
github.com/yourusername/space-invaders/internal/domain/service/auth_service.go:120.2,121.16 2 1
github.com/yourusername/space-invaders/internal/domain/service/auth_service.go:121.16,123.3 1 0
github.com/yourusername/space-invaders/internal/domain/service/auth_service.go:125.2,125.27 1 1
github.com/yourusername/space-invaders/internal/domain/service/auth_service.go:128.102,130.16 2 1
github.com/yourusername/space-invaders/internal/domain/service/auth_service.go:130.16,132.3 1 1
github.com/yourusername/space-invaders/internal/domain/service/auth_service.go:133.2,133.20 1 1
github.com/yourusername/space-invaders/internal/domain/service/book_service.go:34.16,41.2 1 0
github.com/yourusername/space-invaders/internal/domain/service/book_service.go:43.76,44.60 1 0
github.com/yourusername/space-invaders/internal/domain/service/book_service.go:44.60,46.3 1 0
github.com/yourusername/space-invaders/internal/domain/service/book_service.go:48.2,58.12 3 0
github.com/yourusername/space-invaders/internal/domain/service/book_service.go:61.119,63.16 2 0
github.com/yourusername/space-invaders/internal/domain/service/book_service.go:63.16,65.3 1 0
github.com/yourusername/space-invaders/internal/domain/service/book_service.go:67.2,67.22 1 0
github.com/yourusername/space-invaders/internal/domain/service/chapter_service.go:31.19,38.2 1 0
github.com/yourusername/space-invaders/internal/domain/service/chapter_service.go:40.78,45.48 3 0
github.com/yourusername/space-invaders/internal/domain/service/chapter_service.go:45.48,47.3 1 0
github.com/yourusername/space-invaders/internal/domain/service/chapter_service.go:49.2,49.12 1 0
github.com/yourusername/space-invaders/internal/domain/service/chapter_service.go:52.85,53.63 1 0
github.com/yourusername/space-invaders/internal/domain/service/chapter_service.go:53.63,55.3 1 0
github.com/yourusername/space-invaders/internal/domain/service/chapter_service.go:57.2,66.12 3 0
github.com/yourusername/space-invaders/internal/domain/service/game_service.go:13.74,17.2 1 1
github.com/yourusername/space-invaders/internal/domain/service/game_service.go:22.79,27.18 3 1
github.com/yourusername/space-invaders/internal/domain/service/game_service.go:28.9,29.19 1 1
github.com/yourusername/space-invaders/internal/domain/service/game_service.go:30.9,31.19 1 1
github.com/yourusername/space-invaders/internal/domain/service/game_service.go:32.9,33.19 1 1
github.com/yourusername/space-invaders/internal/domain/service/game_service.go:34.15,35.19 1 1
github.com/yourusername/space-invaders/internal/domain/service/game_service.go:36.10,37.19 1 1
github.com/yourusername/space-invaders/internal/domain/service/game_service.go:40.2,40.47 1 1
github.com/yourusername/space-invaders/internal/domain/service/game_service.go:44.75,48.2 2 1
github.com/yourusername/space-invaders/internal/domain/service/game_service.go:52.112,55.16 2 1
github.com/yourusername/space-invaders/internal/domain/service/game_service.go:55.16,57.3 1 1
github.com/yourusername/space-invaders/internal/domain/service/game_service.go:60.2,64.16 3 1
github.com/yourusername/space-invaders/internal/domain/service/game_service.go:64.16,66.3 1 0
github.com/yourusername/space-invaders/internal/domain/service/game_service.go:69.2,69.30 1 1
github.com/yourusername/space-invaders/internal/domain/service/game_service.go:69.30,71.17 2 1
github.com/yourusername/space-invaders/internal/domain/service/game_service.go:71.17,73.4 1 0
github.com/yourusername/space-invaders/internal/domain/service/game_service.go:77.2,78.16 2 1
github.com/yourusername/space-invaders/internal/domain/service/game_service.go:78.16,80.3 1 0
github.com/yourusername/space-invaders/internal/domain/service/game_service.go:82.2,82.24 1 1
github.com/yourusername/space-invaders/internal/domain/service/item_service.go:21.16,27.2 1 1
github.com/yourusername/space-invaders/internal/domain/service/item_service.go:30.82,32.2 1 1
github.com/yourusername/space-invaders/internal/domain/service/item_service.go:35.104,37.2 1 1
github.com/yourusername/space-invaders/internal/domain/service/item_service.go:40.86,43.16 2 1
github.com/yourusername/space-invaders/internal/domain/service/item_service.go:43.16,45.3 1 1
github.com/yourusername/space-invaders/internal/domain/service/item_service.go:48.2,49.45 2 1
github.com/yourusername/space-invaders/internal/domain/service/item_service.go:49.45,51.3 1 1
github.com/yourusername/space-invaders/internal/domain/service/item_service.go:54.2,55.16 2 1
github.com/yourusername/space-invaders/internal/domain/service/item_service.go:55.16,57.3 1 1
github.com/yourusername/space-invaders/internal/domain/service/item_service.go:59.2,59.41 1 1
github.com/yourusername/space-invaders/internal/domain/service/item_service.go:59.41,61.3 1 1
github.com/yourusername/space-invaders/internal/domain/service/item_service.go:64.2,65.57 2 1
github.com/yourusername/space-invaders/internal/domain/service/item_service.go:65.57,67.3 1 1
github.com/yourusername/space-invaders/internal/domain/service/item_service.go:70.2,76.49 2 1
github.com/yourusername/space-invaders/internal/domain/service/item_service.go:80.83,83.37 2 1
github.com/yourusername/space-invaders/internal/domain/service/item_service.go:83.37,85.3 1 1
github.com/yourusername/space-invaders/internal/domain/service/item_service.go:88.2,88.28 1 1
github.com/yourusername/space-invaders/internal/domain/service/item_service.go:88.28,89.104 1 1
github.com/yourusername/space-invaders/internal/domain/service/item_service.go:89.104,91.4 1 1
github.com/yourusername/space-invaders/internal/domain/service/item_service.go:95.2,96.49 2 1
github.com/yourusername/space-invaders/internal/domain/service/item_service.go:100.85,103.37 2 1
github.com/yourusername/space-invaders/internal/domain/service/item_service.go:103.37,105.3 1 1
github.com/yourusername/space-invaders/internal/domain/service/item_service.go:108.2,109.49 2 1
github.com/yourusername/space-invaders/internal/domain/service/leaderboard_service.go:25.88,29.2 1 1
github.com/yourusername/space-invaders/internal/domain/service/leaderboard_service.go:32.120,35.16 2 1
github.com/yourusername/space-invaders/internal/domain/service/leaderboard_service.go:35.16,37.3 1 0
github.com/yourusername/space-invaders/internal/domain/service/leaderboard_service.go:40.2,41.33 2 1
github.com/yourusername/space-invaders/internal/domain/service/leaderboard_service.go:41.33,51.3 2 1
github.com/yourusername/space-invaders/internal/domain/service/leaderboard_service.go:53.2,53.21 1 1
github.com/yourusername/space-invaders/internal/domain/service/leaderboard_service.go:57.135,60.16 2 1
github.com/yourusername/space-invaders/internal/domain/service/leaderboard_service.go:60.16,62.3 1 0
github.com/yourusername/space-invaders/internal/domain/service/leaderboard_service.go:65.2,66.33 2 1
github.com/yourusername/space-invaders/internal/domain/service/leaderboard_service.go:66.33,76.3 2 1
github.com/yourusername/space-invaders/internal/domain/service/leaderboard_service.go:78.2,78.21 1 1
github.com/yourusername/space-invaders/internal/domain/service/leaderboard_service.go:83.93,86.16 2 1
github.com/yourusername/space-invaders/internal/domain/service/leaderboard_service.go:86.16,88.3 1 1
github.com/yourusername/space-invaders/internal/domain/service/leaderboard_service.go:92.2,93.16 2 1
github.com/yourusername/space-invaders/internal/domain/service/leaderboard_service.go:93.16,95.3 1 0
github.com/yourusername/space-invaders/internal/domain/service/leaderboard_service.go:98.2,99.34 2 1
github.com/yourusername/space-invaders/internal/domain/service/leaderboard_service.go:99.34,100.37 1 1
github.com/yourusername/space-invaders/internal/domain/service/leaderboard_service.go:100.37,102.4 1 1
github.com/yourusername/space-invaders/internal/domain/service/leaderboard_service.go:102.9,103.9 1 1
github.com/yourusername/space-invaders/internal/domain/service/leaderboard_service.go:107.2,107.18 1 1
github.com/yourusername/space-invaders/internal/domain/service/leaderboard_service.go:112.135,116.2 1 1
github.com/yourusername/space-invaders/internal/domain/service/player_service.go:21.78,25.2 1 0
github.com/yourusername/space-invaders/internal/domain/service/player_service.go:28.96,30.16 2 0
github.com/yourusername/space-invaders/internal/domain/service/player_service.go:30.16,31.45 1 0
github.com/yourusername/space-invaders/internal/domain/service/player_service.go:31.45,33.4 1 0
github.com/yourusername/space-invaders/internal/domain/service/player_service.go:34.3,34.59 1 0
github.com/yourusername/space-invaders/internal/domain/service/player_service.go:36.2,36.20 1 0
github.com/yourusername/space-invaders/internal/domain/service/player_service.go:48.125,51.16 2 0
github.com/yourusername/space-invaders/internal/domain/service/player_service.go:51.16,52.45 1 0
github.com/yourusername/space-invaders/internal/domain/service/player_service.go:52.45,54.4 1 0
github.com/yourusername/space-invaders/internal/domain/service/player_service.go:55.3,55.59 1 0
github.com/yourusername/space-invaders/internal/domain/service/player_service.go:59.2,59.22 1 0
github.com/yourusername/space-invaders/internal/domain/service/player_service.go:59.22,61.62 1 0
github.com/yourusername/space-invaders/internal/domain/service/player_service.go:61.62,63.4 1 0
github.com/yourusername/space-invaders/internal/domain/service/player_service.go:65.3,65.53 1 0
github.com/yourusername/space-invaders/internal/domain/service/player_service.go:65.53,66.71 1 0
github.com/yourusername/space-invaders/internal/domain/service/player_service.go:66.71,68.5 1 0
github.com/yourusername/space-invaders/internal/domain/service/player_service.go:68.10,68.54 1 0
github.com/yourusername/space-invaders/internal/domain/service/player_service.go:68.54,70.5 1 0
github.com/yourusername/space-invaders/internal/domain/service/player_service.go:72.3,72.28 1 0
github.com/yourusername/space-invaders/internal/domain/service/player_service.go:75.2,75.29 1 0
github.com/yourusername/space-invaders/internal/domain/service/player_service.go:75.29,77.3 1 0
github.com/yourusername/space-invaders/internal/domain/service/player_service.go:79.2,79.35 1 0
github.com/yourusername/space-invaders/internal/domain/service/player_service.go:79.35,81.3 1 0
github.com/yourusername/space-invaders/internal/domain/service/player_service.go:83.2,83.27 1 0
github.com/yourusername/space-invaders/internal/domain/service/player_service.go:83.27,85.3 1 0
github.com/yourusername/space-invaders/internal/domain/service/player_service.go:88.2,88.57 1 0
github.com/yourusername/space-invaders/internal/domain/service/player_service.go:88.57,90.3 1 0
github.com/yourusername/space-invaders/internal/domain/service/player_service.go:92.2,92.20 1 0
